==================================== INPUT ====================================
query UpdatableQuery @updatable {
  me {
    id
    aliased_id: id
    __typename
    aliased_typename: __typename
  }
}
==================================== OUTPUT ===================================
export type UpdatableQuery$variables = {||};
export type UpdatableQuery$data = {|
  get me(): ?{|
    +id: string,
    +aliased_id: string,
    +__typename: string,
    +aliased_typename: string,
  |},
  set me(value: null | void): void,
|};
