==================================== INPUT ====================================
query UpdatableQuery @updatable {
  me {
    actor {
      ... on User {
        __typename
        ...Assignable_user
      }
      ... on Page {
        __typename
        ...Assignable_page
      }
    }
  }
}

fragment Assignable_user on User @assignable {
  __typename
}

fragment Assignable_page on Page @assignable {
  __typename
}
==================================== OUTPUT ===================================
import type { Assignable_page$fragmentType } from "Assignable_page.graphql";
import type { Assignable_user$fragmentType } from "Assignable_user.graphql";
export type UpdatableQuery$variables = {||};
export type UpdatableQuery$data = {|
  get me(): ?{|
    get actor(): ?({|
      +__typename: "User",
    |} | {|
      +__typename: "Page",
    |} | {|
      // This will never be '%other', but we need some
      // value in case none of the concrete values match.
      +__typename: "%other",
    |}),
    set actor(value: ?{
      +$fragmentSpreads: Assignable_user$fragmentType | Assignable_page$fragmentType,
      ...
    }): void,
  |},
  set me(value: null | void): void,
|};
-------------------------------------------------------------------------------
import type { FragmentType } from "relay-runtime";
declare export opaque type Assignable_page$fragmentType: FragmentType;
export type Assignable_page$data = {|
  +__typename: "Page",
  +$fragmentType: Assignable_page$fragmentType,
|} | {|
  // This will never be '%other', but we need some
  // value in case none of the concrete values match.
  +__typename: "%other",
  +$fragmentType: Assignable_page$fragmentType,
|};
export type Assignable_page$key = {
  +$data?: Assignable_page$data,
  +$fragmentSpreads: Assignable_page$fragmentType,
  ...
};
-------------------------------------------------------------------------------
import type { FragmentType } from "relay-runtime";
declare export opaque type Assignable_user$fragmentType: FragmentType;
export type Assignable_user$data = {|
  +__typename: "User",
  +$fragmentType: Assignable_user$fragmentType,
|} | {|
  // This will never be '%other', but we need some
  // value in case none of the concrete values match.
  +__typename: "%other",
  +$fragmentType: Assignable_user$fragmentType,
|};
export type Assignable_user$key = {
  +$data?: Assignable_user$data,
  +$fragmentSpreads: Assignable_user$fragmentType,
  ...
};
